// Jest Snapshot v1, https://goo.gl/fbAQLP

exports[`App renders correctly 1`] = `
Array [
  <div
    className="subpixel-antialiased text-center"
  >
    <div>
      Welcome to this designer portfolio! You can select through different modes (if you dont, a random mode will be initialized)
      <button
        className="bg-gray-200 text-gray-900 
            font-bold px-2 py-1 rounded-full"
        onClick={[Function]}
      >
        D
      </button>
    </div>
    <div>
      <div>
        <div
          className="flex flex-wrap justify-center"
        >
          <div
            className="
                    transform transition duration-500 scale-75 rounded-lg p-2
                    cursor-pointer m-2 hover:scale-90
                    "
          >
            <img
              className="mx-auto shadow"
              onClick={[Function]}
              src="https://images-wixmp-ed30a86b8c4ca887773594c2.wixmp.com/f/5106cda8-4842-43ca-a632-6b7c46b6b808/d4rnmov-e5ebdd52-2edf-4c0d-a396-c580f5183920.png/v1/fill/w_894,h_894,q_70,strp/dripping_by_pitel_d4rnmov-pre.jpg?token=eyJ0eXAiOiJKV1QiLCJhbGciOiJIUzI1NiJ9.eyJzdWIiOiJ1cm46YXBwOjdlMGQxODg5ODIyNjQzNzNhNWYwZDQxNWVhMGQyNmUwIiwiaXNzIjoidXJuOmFwcDo3ZTBkMTg4OTgyMjY0MzczYTVmMGQ0MTVlYTBkMjZlMCIsIm9iaiI6W1t7ImhlaWdodCI6Ijw9MTIwMCIsInBhdGgiOiJcL2ZcLzUxMDZjZGE4LTQ4NDItNDNjYS1hNjMyLTZiN2M0NmI2YjgwOFwvZDRybm1vdi1lNWViZGQ1Mi0yZWRmLTRjMGQtYTM5Ni1jNTgwZjUxODM5MjAucG5nIiwid2lkdGgiOiI8PTEyMDAifV1dLCJhdWQiOlsidXJuOnNlcnZpY2U6aW1hZ2Uub3BlcmF0aW9ucyJdfQ.otpnY80z6kw93vZZInW-Gzq97MFsLXuKuEf1F0WdNdY"
              width={200}
            />
            <div
              className="absolute invisible"
            >
              <div
                className="text-sm p-2 w-auto inline-block"
              >
                "Dripping" by Pitel is licensed under CC BY 3.0
              </div>
              <button
                className="
                        bg-gray-600 text-white 
                            font-bold px-2 py-1 m-1 rounded-full"
              >
                Learn more
              </button>
            </div>
          </div>
          <div
            className="
                    transform transition duration-500 scale-75 rounded-lg p-2
                    cursor-pointer m-2 hover:scale-90
                    "
          >
            <img
              className="mx-auto shadow"
              onClick={[Function]}
              src="https://farm2.staticflickr.com/1648/25561336655_5021a21147_b.jpg"
              width={200}
            />
            <div
              className="absolute invisible"
            >
              <div
                className="text-sm p-2 w-auto inline-block"
              >
                "Superior art" by kevin dooley is licensed under CC BY 2.0
              </div>
              <button
                className="
                        bg-gray-600 text-white 
                            font-bold px-2 py-1 m-1 rounded-full"
              >
                Learn more
              </button>
            </div>
          </div>
          <div
            className="
                    transform transition duration-500 scale-75 rounded-lg p-2
                    cursor-pointer m-2 hover:scale-90
                    "
          >
            <img
              className="mx-auto shadow"
              onClick={[Function]}
              src="https://live.staticflickr.com/3805/9019559784_95a6a9a163_b.jpg"
              width={200}
            />
            <div
              className="absolute invisible"
            >
              <div
                className="text-sm p-2 w-auto inline-block"
              >
                "Boston Museum of Fine Arts" by Si B is licensed under CC BY 2.0
              </div>
              <button
                className="
                        bg-gray-600 text-white 
                            font-bold px-2 py-1 m-1 rounded-full"
              >
                Learn more
              </button>
            </div>
          </div>
          <div
            className="
                    transform transition duration-500 scale-75 rounded-lg p-2
                    cursor-pointer m-2 hover:scale-90
                    "
          >
            <img
              className="mx-auto shadow"
              onClick={[Function]}
              src="https://farm9.staticflickr.com/8775/18190488136_3bab22a826.jpg"
              width={200}
            />
            <div
              className="absolute invisible"
            >
              <div
                className="text-sm p-2 w-auto inline-block"
              >
                "More coffee shop art #art #epfl..." by jeremiah.andrick is licensed under CC BY 2.0
              </div>
              <button
                className="
                        bg-gray-600 text-white 
                            font-bold px-2 py-1 m-1 rounded-full"
              >
                Learn more
              </button>
            </div>
          </div>
          <div
            className="
                    transform transition duration-500 scale-75 rounded-lg p-2
                    cursor-pointer m-2 hover:scale-90
                    "
          >
            <img
              className="mx-auto shadow"
              onClick={[Function]}
              src="https://live.staticflickr.com/7226/6862438240_ed622cf929_b.jpg"
              width={200}
            />
            <div
              className="absolute invisible"
            >
              <div
                className="text-sm p-2 w-auto inline-block"
              >
                "Thi-Thanh-TÃ¢m" by Pascal Maramis is licensed under CC BY 2.0
              </div>
              <button
                className="
                        bg-gray-600 text-white 
                            font-bold px-2 py-1 m-1 rounded-full"
              >
                Learn more
              </button>
            </div>
          </div>
          <div
            className="
                    transform transition duration-500 scale-75 rounded-lg p-2
                    cursor-pointer m-2 hover:scale-90
                    "
          >
            <img
              className="mx-auto shadow"
              onClick={[Function]}
              src="https://live.staticflickr.com/7062/7003504291_2f8c8609af_b.jpg"
              width={200}
            />
            <div
              className="absolute invisible"
            >
              <div
                className="text-sm p-2 w-auto inline-block"
              >
                "House of art" by Janels Katlaps is licensed under CC BY 2.0
              </div>
              <button
                className="
                        bg-gray-600 text-white 
                            font-bold px-2 py-1 m-1 rounded-full"
              >
                Learn more
              </button>
            </div>
          </div>
          <div
            className="
                    transform transition duration-500 scale-75 rounded-lg p-2
                    cursor-pointer m-2 hover:scale-90
                    "
          >
            <img
              className="mx-auto shadow"
              onClick={[Function]}
              src="https://live.staticflickr.com/1935/43424378830_079f1af5a1_b.jpg"
              width={200}
            />
            <div
              className="absolute invisible"
            >
              <div
                className="text-sm p-2 w-auto inline-block"
              >
                "Tempe Center for the Arts" by kevin dooley is licensed under CC BY 2.0
              </div>
              <button
                className="
                        bg-gray-600 text-white 
                            font-bold px-2 py-1 m-1 rounded-full"
              >
                Learn more
              </button>
            </div>
          </div>
          <div
            className="
                    transform transition duration-500 scale-75 rounded-lg p-2
                    cursor-pointer m-2 hover:scale-90
                    "
          >
            <img
              className="mx-auto shadow"
              onClick={[Function]}
              src="https://farm9.staticflickr.com/8871/18029751368_4eb3f4aa82.jpg"
              width={200}
            />
            <div
              className="absolute invisible"
            >
              <div
                className="text-sm p-2 w-auto inline-block"
              >
                "Street art at night Seattle #art..." by jeremiah.andrick is licensed under CC BY 2.0
              </div>
              <button
                className="
                        bg-gray-600 text-white 
                            font-bold px-2 py-1 m-1 rounded-full"
              >
                Learn more
              </button>
            </div>
          </div>
          <div
            className="
                    transform transition duration-500 scale-75 rounded-lg p-2
                    cursor-pointer m-2 hover:scale-90
                    "
          >
            <img
              className="mx-auto shadow"
              onClick={[Function]}
              src="https://farm8.staticflickr.com/7010/6607063127_522688ac4c_b.jpg"
              width={200}
            />
            <div
              className="absolute invisible"
            >
              <div
                className="text-sm p-2 w-auto inline-block"
              >
                "terry_abstract 91_2_72 - Abstract Art Images" by BTerryComptonPhotography is licensed under CC BY-SA 2.0
              </div>
              <button
                className="
                        bg-gray-600 text-white 
                            font-bold px-2 py-1 m-1 rounded-full"
              >
                Learn more
              </button>
            </div>
          </div>
          <div
            className="
                    transform transition duration-500 scale-75 rounded-lg p-2
                    cursor-pointer m-2 hover:scale-90
                    "
          >
            <img
              className="mx-auto shadow"
              onClick={[Function]}
              src="https://farm9.staticflickr.com/8524/8525569567_8244e8847b.jpg"
              width={200}
            />
            <div
              className="absolute invisible"
            >
              <div
                className="text-sm p-2 w-auto inline-block"
              >
                "#wicker #art from #star #design showcased on the wicker furniture blog ." by Wicker Paradise is licensed under CC BY 2.0
              </div>
              <button
                className="
                        bg-gray-600 text-white 
                            font-bold px-2 py-1 m-1 rounded-full"
              >
                Learn more
              </button>
            </div>
          </div>
          <div
            className="
                    transform transition duration-500 scale-75 rounded-lg p-2
                    cursor-pointer m-2 hover:scale-90
                    "
          >
            <img
              className="mx-auto shadow"
              onClick={[Function]}
              src="https://live.staticflickr.com/5209/5208671435_75cd36711c_b.jpg"
              width={200}
            />
            <div
              className="absolute invisible"
            >
              <div
                className="text-sm p-2 w-auto inline-block"
              >
                "DSC09685" by scalleja is licensed under CC BY-SA 2.0
              </div>
              <button
                className="
                        bg-gray-600 text-white 
                            font-bold px-2 py-1 m-1 rounded-full"
              >
                Learn more
              </button>
            </div>
          </div>
        </div>
      </div>
    </div>
  </div>,
  <div
    className="bg-dark"
  />,
]
`;
